// Jest Snapshot v1, https://goo.gl/fbAQLP

exports[`<Tooltip /> should render and match the snapshot 1`] = `
.c0 {
  display: inline-block;
}

<div
  class="c0"
>
  TEST
</div>
`;
