// Jest Snapshot v1, https://goo.gl/fbAQLP

exports[`<Button /> Should render and match the snapshot 1`] = `
<DocumentFragment>
  <button
    class="sc-bdVaJa jWDFQo"
  />
</DocumentFragment>
`;
