// Jest Snapshot v1, https://goo.gl/fbAQLP

exports[`<Icon /> should render and match the snapshot 1`] = `
<svg
  class="sc-bdVaJa cdZYju"
  color="#DADEE1"
  height="30px"
  viewBox="0 0 512 512"
  x="0px"
  y="0px"
>
  <circle
    cx="151.3"
    cy="186.2"
    r="34.9"
  />
  <circle
    cx="360.7"
    cy="186.2"
    r="34.9"
  />
  <path
    d="M256,0C114.8,0,0,114.8,0,256s114.8,256,256,256s256-114.8,256-256S397.2,0,256,0z M151.3,256c-38.6,0-69.8-31.3-69.8-69.8 s31.3-69.8,69.8-69.8s69.8,31.3,69.8,69.8S189.8,256,151.3,256z M360.7,256c-38.6,0-69.8-31.3-69.8-69.8s31.3-69.8,69.8-69.8 s69.8,31.3,69.8,69.8S399.3,256,360.7,256z"
  />
</svg>
`;
